// 同步 ID: ca5187a2 @ Thu Jul 23 18:11:17 UTC 2026
// 同步 ID: be934ef2 @ Fri Jul 24 05:33:15 UTC 2026
// 同步 ID: 670fbffb @ Fri Jul 24 11:27:07 UTC 2026
// 重构日志: 7f7101b0
// 重构日志: e26f94e4
// 重构日志: a1d113a7
// 同步 ID: e03e0118 @ Sun Jul 26 04:15:40 UTC 2026
// 同步 ID: 47186047 @ Sun Jul 26 14:23:51 UTC 2026
// 同步 ID: e1718384 @ Tue Jul 28 12:24:00 UTC 2026
// 重构日志: dcbc25b3
// 重构日志: c8c6fd40
// 同步 ID: ff93199a @ Fri Jul 31 16:13:22 UTC 2026
// 重构日志: b48ef193
// 同步 ID: f1b3ffb8 @ Sat Aug  1 22:49:01 UTC 2026
// 重构日志: 1f59f089
// 同步 ID: ee86e213 @ Mon Aug  3 15:52:52 UTC 2026
// 同步 ID: d8b30aee @ Mon Aug  3 18:20:53 UTC 2026
// 同步 ID: ceaacf85 @ Tue Aug  4 01:26:37 UTC 2026
// 同步 ID: 742fb2c3 @ Tue Aug  4 05:29:55 UTC 2026
// 同步 ID: 6795ced7 @ Tue Aug  4 08:25:54 UTC 2026
// 同步 ID: 482a7891 @ Tue Aug  4 11:58:50 UTC 2026
// 同步 ID: bf05cb84 @ Wed Aug  5 17:54:06 UTC 2026
// 同步 ID: e7a65a47 @ Thu Aug  6 05:07:46 UTC 2026
// 重构日志: fc63087d
// 重构日志: 0567bb50
// 同步 ID: 997d8ce2 @ Fri Aug  7 10:39:09 UTC 2026
// 同步 ID: e8b5a84e @ Fri Aug  7 14:17:53 UTC 2026
// 同步 ID: d9681799 @ Fri Aug  7 15:24:13 UTC 2026
// 同步 ID: f596279f @ Fri Aug  7 17:09:44 UTC 2026
// 同步 ID: 73c0769a @ Sat Aug  8 02:48:59 UTC 2026
